<html>
<body>
<pre>
<h1>µVision Build Log</h1>
<h2>Project:</h2>
D:\Âó¿ËÄÉÄ·ÂÖ\1.2\USER\template.uvproj
Project File Date:  07/28/2020

<h2>Output:</h2>
Build target 'Target 1'
compiling spi.c...
..\SYSTEM\inc\spi.h(3): error:  #5: cannot open source input file "sys.h": No such file or directory
compiling usart.c...
..\SYSTEM\ser\usart.c(1): error:  #5: cannot open source input file "sys.h": No such file or directory
"..\OBJ\template.axf" - 2 Errors, 0 Warning(s).
Target not created
Build target 'Target 1'
compiling spi.c...
..\SYSTEM\inc\spi.h(19): error:  #20: identifier "u8" is undefined
..\SYSTEM\inc\spi.h(20): error:  #20: identifier "u8" is undefined
..\SYSTEM\inc\spi.h(20): error:  #20: identifier "u8" is undefined
..\SYSTEM\ser\spi.c(29): error:  #20: identifier "u8" is undefined
..\SYSTEM\ser\spi.c(31): warning:  #223-D: function "assert_param" declared implicitly
..\SYSTEM\ser\spi.c(31): warning:  #223-D: function "IS_SPI_BAUDRATE_PRESCALER" declared implicitly
..\SYSTEM\ser\spi.c(32): error:  #20: identifier "SPI2" is undefined
..\SYSTEM\ser\spi.c(34): warning:  #223-D: function "SPI_Cmd" declared implicitly
..\SYSTEM\ser\spi.c(34): error:  #20: identifier "ENABLE" is undefined
..\SYSTEM\ser\spi.c(41): error:  #20: identifier "u8" is undefined
..\SYSTEM\ser\spi.c(41): error:  #20: identifier "u8" is undefined
..\SYSTEM\ser\spi.c(43): error:  #20: identifier "u8" is undefined
..\SYSTEM\ser\spi.c(44): warning:  #223-D: function "SPI_I2S_GetFlagStatus" declared implicitly
..\SYSTEM\ser\spi.c(44): error:  #20: identifier "SPI2" is undefined
..\SYSTEM\ser\spi.c(44): error:  #20: identifier "SPI_I2S_FLAG_TXE" is undefined
..\SYSTEM\ser\spi.c(44): error:  #20: identifier "RESET" is undefined
..\SYSTEM\ser\spi.c(49): warning:  #223-D: function "SPI_I2S_SendData" declared implicitly
..\SYSTEM\ser\spi.c(52): error:  #20: identifier "SPI_I2S_FLAG_RXNE" is undefined
..\SYSTEM\ser\spi.c(57): warning:  #223-D: function "SPI_I2S_ReceiveData" declared implicitly
..\SYSTEM\ser\spi.c(64): error:  #20: identifier "GPIO_InitTypeDef" is undefined
..\SYSTEM\ser\spi.c(65): error:  #20: identifier "SPI_InitTypeDef" is undefined
..\SYSTEM\ser\spi.c(67): warning:  #223-D: function "RCC_APB2PeriphClockCmd" declared implicitly
..\SYSTEM\ser\spi.c(67): error:  #20: identifier "RCC_APB2Periph_GPIOB" is undefined
..\SYSTEM\ser\spi.c(67): error:  #20: identifier "ENABLE" is undefined
..\SYSTEM\ser\spi.c(68): warning:  #223-D: function "RCC_APB1PeriphClockCmd" declared implicitly
..\SYSTEM\ser\spi.c(68): error:  #20: identifier "RCC_APB1Periph_SPI2" is undefined
..\SYSTEM\ser\spi.c(70): error:  #20: identifier "GPIO_Pin_13" is undefined
..\SYSTEM\ser\spi.c(70): error:  #20: identifier "GPIO_Pin_14" is undefined
..\SYSTEM\ser\spi.c(70): error:  #20: identifier "GPIO_Pin_15" is undefined
..\SYSTEM\ser\spi.c(71): error:  #20: identifier "GPIO_Mode_AF_PP" is undefined
..\SYSTEM\ser\spi.c(72): error:  #20: identifier "GPIO_Speed_50MHz" is undefined
..\SYSTEM\ser\spi.c(73): warning:  #223-D: function "GPIO_Init" declared implicitly
..\SYSTEM\ser\spi.c(73): error:  #20: identifier "GPIOB" is undefined
..\SYSTEM\ser\spi.c(75): error:  #20: identifier "GPIO_Pin_12" is undefined
..\SYSTEM\ser\spi.c(76): error:  #20: identifier "GPIO_Mode_Out_PP" is undefined
..\SYSTEM\ser\spi.c(80): warning:  #223-D: function "GPIO_SetBits" declared implicitly
..\SYSTEM\ser\spi.c(81): warning:  #223-D: function "GPIO_ResetBits" declared implicitly
..\SYSTEM\ser\spi.c(85): error:  #20: identifier "SPI_Direction_2Lines_FullDuplex" is undefined
..\SYSTEM\ser\spi.c(86): error:  #20: identifier "SPI_Mode_Master" is undefined
..\SYSTEM\ser\spi.c(87): error:  #20: identifier "SPI_DataSize_8b" is undefined
..\SYSTEM\ser\spi.c(88): error:  #20: identifier "SPI_CPOL_Low" is undefined
compiling usart.c...
..\SYSTEM\inc\usart.h(4): error:  #5: cannot open source input file "sys.h": No such file or directory
"..\OBJ\template.axf" - 31 Errors, 11 Warning(s).
Target not created
Build target 'Target 1'
compiling spi.c...
..\SYSTEM\inc\spi.h(19): error:  #20: identifier "u8" is undefined
..\SYSTEM\inc\spi.h(20): error:  #20: identifier "u8" is undefined
..\SYSTEM\inc\spi.h(20): error:  #20: identifier "u8" is undefined
..\SYSTEM\ser\spi.c(29): error:  #20: identifier "u8" is undefined
..\SYSTEM\ser\spi.c(31): warning:  #223-D: function "assert_param" declared implicitly
..\SYSTEM\ser\spi.c(31): warning:  #223-D: function "IS_SPI_BAUDRATE_PRESCALER" declared implicitly
..\SYSTEM\ser\spi.c(32): error:  #20: identifier "SPI2" is undefined
..\SYSTEM\ser\spi.c(34): warning:  #223-D: function "SPI_Cmd" declared implicitly
..\SYSTEM\ser\spi.c(34): error:  #20: identifier "ENABLE" is undefined
..\SYSTEM\ser\spi.c(41): error:  #20: identifier "u8" is undefined
..\SYSTEM\ser\spi.c(41): error:  #20: identifier "u8" is undefined
..\SYSTEM\ser\spi.c(43): error:  #20: identifier "u8" is undefined
..\SYSTEM\ser\spi.c(44): warning:  #223-D: function "SPI_I2S_GetFlagStatus" declared implicitly
..\SYSTEM\ser\spi.c(44): error:  #20: identifier "SPI2" is undefined
..\SYSTEM\ser\spi.c(44): error:  #20: identifier "SPI_I2S_FLAG_TXE" is undefined
..\SYSTEM\ser\spi.c(44): error:  #20: identifier "RESET" is undefined
..\SYSTEM\ser\spi.c(49): warning:  #223-D: function "SPI_I2S_SendData" declared implicitly
..\SYSTEM\ser\spi.c(52): error:  #20: identifier "SPI_I2S_FLAG_RXNE" is undefined
..\SYSTEM\ser\spi.c(57): warning:  #223-D: function "SPI_I2S_ReceiveData" declared implicitly
..\SYSTEM\ser\spi.c(64): error:  #20: identifier "GPIO_InitTypeDef" is undefined
..\SYSTEM\ser\spi.c(65): error:  #20: identifier "SPI_InitTypeDef" is undefined
..\SYSTEM\ser\spi.c(67): warning:  #223-D: function "RCC_APB2PeriphClockCmd" declared implicitly
..\SYSTEM\ser\spi.c(67): error:  #20: identifier "RCC_APB2Periph_GPIOB" is undefined
..\SYSTEM\ser\spi.c(67): error:  #20: identifier "ENABLE" is undefined
..\SYSTEM\ser\spi.c(68): warning:  #223-D: function "RCC_APB1PeriphClockCmd" declared implicitly
..\SYSTEM\ser\spi.c(68): error:  #20: identifier "RCC_APB1Periph_SPI2" is undefined
..\SYSTEM\ser\spi.c(70): error:  #20: identifier "GPIO_Pin_13" is undefined
..\SYSTEM\ser\spi.c(70): error:  #20: identifier "GPIO_Pin_14" is undefined
..\SYSTEM\ser\spi.c(70): error:  #20: identifier "GPIO_Pin_15" is undefined
..\SYSTEM\ser\spi.c(71): error:  #20: identifier "GPIO_Mode_AF_PP" is undefined
..\SYSTEM\ser\spi.c(72): error:  #20: identifier "GPIO_Speed_50MHz" is undefined
..\SYSTEM\ser\spi.c(73): warning:  #223-D: function "GPIO_Init" declared implicitly
..\SYSTEM\ser\spi.c(73): error:  #20: identifier "GPIOB" is undefined
..\SYSTEM\ser\spi.c(75): error:  #20: identifier "GPIO_Pin_12" is undefined
..\SYSTEM\ser\spi.c(76): error:  #20: identifier "GPIO_Mode_Out_PP" is undefined
..\SYSTEM\ser\spi.c(80): warning:  #223-D: function "GPIO_SetBits" declared implicitly
..\SYSTEM\ser\spi.c(81): warning:  #223-D: function "GPIO_ResetBits" declared implicitly
..\SYSTEM\ser\spi.c(85): error:  #20: identifier "SPI_Direction_2Lines_FullDuplex" is undefined
..\SYSTEM\ser\spi.c(86): error:  #20: identifier "SPI_Mode_Master" is undefined
..\SYSTEM\ser\spi.c(87): error:  #20: identifier "SPI_DataSize_8b" is undefined
..\SYSTEM\ser\spi.c(88): error:  #20: identifier "SPI_CPOL_Low" is undefined
compiling usart.c...
compiling sys.c...
"..\OBJ\template.axf" - 30 Errors, 11 Warning(s).
Target not created
Build target 'Target 1'
compiling spi.c...
..\SYSTEM\inc\spi.h(19): error:  #20: identifier "u8" is undefined
..\SYSTEM\inc\spi.h(20): error:  #20: identifier "u8" is undefined
..\SYSTEM\inc\spi.h(20): error:  #20: identifier "u8" is undefined
compiling usart.c...
compiling sys.c...
"..\OBJ\template.axf" - 3 Errors, 0 Warning(s).
Target not created
Build target 'Target 1'
compiling spi.c...
linking...
Program Size: Code=8808 RO-data=268 RW-data=52 ZI-data=1836  
FromELF: creating hex file...
"..\OBJ\template.axf" - 0 Errors, 0 Warning(s).
Build target 'Target 1'
compiling main.c...
main.c(42): warning:  #223-D: function "delay_ms" declared implicitly
compiling spi.c...
linking...
..\OBJ\template.axf: Error: L6218E: Undefined symbol delay_ms (referred from main.o).
"..\OBJ\template.axf" - 1 Errors, 1 Warning(s).
Target not created
Build target 'Target 1'
compiling main.c...
linking...
Program Size: Code=10532 RO-data=268 RW-data=52 ZI-data=1836  
FromELF: creating hex file...
"..\OBJ\template.axf" - 0 Errors, 0 Warning(s).
